<math display='block'>
 <semantics>
  <mrow>
   <mi>T</mi><mo stretchy='false'>(</mo><mi>r</mi><mo stretchy='false'>)</mo><mo>=</mo><msub>
    <mi>T</mi>
    <mrow>
     <mi>c</mi><mi>o</mi><mi>r</mi><mi>e</mi></mrow>
   </msub>
   <mo>+</mo><mfrac>
    <mrow>
     <msubsup>
      <mover accent='true'>
       <mi>Q</mi>
       <mo>&#x02D9;</mo>
      </mover>

      <mrow>
       <mi>p</mi><mi>r</mi><mi>o</mi><mi>d</mi></mrow>
      <mrow>
       <mo>&#x0027;</mo><mo>&#x0027;</mo><mo>&#x0027;</mo></mrow>
     </msubsup>
     </mrow>
    <mrow>
     <mn>4</mn><mi>&#x03BB;</mi></mrow>
   </mfrac>
   <mrow><mo>(</mo>
    <mrow>
     <msubsup>
      <mi>r</mi>
      <mrow>
       <mi>c</mi><mi>o</mi><mi>r</mi><mi>e</mi></mrow>
      <mn>2</mn>
     </msubsup>
     <mo>&#x2212;</mo><msup>
      <mi>r</mi>
      <mn>2</mn>
     </msup>
     </mrow>
   <mo>)</mo></mrow><mo>+</mo><mfrac>
    <mrow>
     <msub>
      <mi>T</mi>
      <mrow>
       <mi>s</mi><mi>h</mi><mi>e</mi><mi>l</mi><mi>l</mi></mrow>
     </msub>
     <mo>&#x2212;</mo><msub>
      <mi>T</mi>
      <mrow>
       <mi>c</mi><mi>o</mi><mi>r</mi><mi>e</mi></mrow>
     </msub>
     <mo>+</mo><mfrac>
      <mrow>
       <msubsup>
        <mover accent='true'>
         <mi>Q</mi>
         <mo>&#x02D9;</mo>
        </mover>

        <mrow>
         <mi>p</mi><mi>r</mi><mi>o</mi><mi>d</mi></mrow>
        <mrow>
         <mo>&#x0027;</mo><mo>&#x0027;</mo><mo>&#x0027;</mo></mrow>
       </msubsup>
       </mrow>
      <mrow>
       <mn>4</mn><mi>&#x03BB;</mi></mrow>
     </mfrac>
     <mrow><mo>(</mo>
      <mrow>
       <msubsup>
        <mi>r</mi>
        <mrow>
         <mi>s</mi><mi>h</mi><mi>e</mi><mi>l</mi><mi>l</mi></mrow>
        <mn>2</mn>
       </msubsup>
       <mo>&#x2212;</mo><msubsup>
        <mi>r</mi>
        <mrow>
         <mi>c</mi><mi>o</mi><mi>r</mi><mi>e</mi></mrow>
        <mn>2</mn>
       </msubsup>
       </mrow>
     <mo>)</mo></mrow></mrow>
    <mrow>
     <mi>ln</mi><mrow><mo>(</mo>
      <mrow>
       <mfrac bevelled='true'>
        <mrow>
         <msub>
          <mi>r</mi>
          <mrow>
           <mi>s</mi><mi>h</mi><mi>e</mi><mi>l</mi><mi>l</mi></mrow>
         </msub>
         </mrow>
        <mrow>
         <msub>
          <mi>r</mi>
          <mrow>
           <mi>c</mi><mi>o</mi><mi>r</mi><mi>e</mi></mrow>
         </msub>
         </mrow>
       </mfrac>
       </mrow>
     <mo>)</mo></mrow></mrow>
   </mfrac>
   <mi>ln</mi><mrow><mo>(</mo>
    <mrow>
     <mfrac>
      <mi>r</mi>
      <mrow>
       <msub>
        <mi>r</mi>
        <mrow>
         <mi>c</mi><mi>o</mi><mi>r</mi><mi>e</mi></mrow>
       </msub>
       </mrow>
     </mfrac>
     </mrow>
   <mo>)</mo></mrow><mtext>&#x00A0;&#x00A0;&#x00A0;&#x00A0;&#x00A0;&#x00A0;&#x00A0;(2)</mtext></mrow>
  <annotation encoding='MathType-MTEF'>MathType@MTEF@5@5@+=faaagCart1ev2aaaKnaaaaWenf2ys9wBH5garuavP1wzZbItLDhis9wBH5garmWu51MyVXgaruWqVvNCPvMCG4uz3bqee0evGueE0jxyaibaieYtf9irVeeu0dXdh9vqqj=hHeeu0xXdbba9frFj0=OqFfea0dXdd9vqaq=JfrVkFHe9pgea0dXdar=Jb9hs0dXdbPYxe9vr0=vr0=vqpi0dc9GqpWqaaeaabiGaciaacaqabeaadaqaaqaaaOqaaiaadsfacaGGOaGaamOCaiaacMcacqGH9aqpcaWGubWaaSbaaSqaaiaadogacaWGVbGaamOCaiaadwgaaeqaaOGaey4kaSYaaSaaaeaaceWGrbGbaiaadaqhaaWcbaGaamiCaiaadkhacaWGVbGaamizaaqaaiaacEcacaGGNaGaai4jaaaaaOqaaiaaisdacqaH7oaBaaWaaeWaaeaacaWGYbWaa0baaSqaaiaadogacaWGVbGaamOCaiaadwgaaeaacaaIYaaaaOGaeyOeI0IaamOCamaaCaaaleqabaGaaGOmaaaaaOGaayjkaiaawMcaaiabgUcaRmaalaaabaGaamivamaaBaaaleaacaWGZbGaamiAaiaadwgacaWGSbGaamiBaaqabaGccqGHsislcaWGubWaaSbaaSqaaiaadogacaWGVbGaamOCaiaadwgaaeqaaOGaey4kaSYaaSaaaeaaceWGrbGbaiaadaqhaaWcbaGaamiCaiaadkhacaWGVbGaamizaaqaaiaacEcacaGGNaGaai4jaaaaaOqaaiaaisdacqaH7oaBaaWaaeWaaeaacaWGYbWaa0baaSqaaiaadohacaWGObGaamyzaiaadYgacaWGSbaabaGaaGOmaaaakiabgkHiTiaadkhadaqhaaWcbaGaam4yaiaad+gacaWGYbGaamyzaaqaaiaaikdaaaaakiaawIcacaGLPaaaaeaaciGGSbGaaiOBamaabmaabaWaaSGaaeaacaWGYbWaaSbaaSqaaiaadohacaWGObGaamyzaiaadYgacaWGSbaabeaaaOqaaiaadkhadaWgaaWcbaGaam4yaiaad+gacaWGYbGaamyzaaqabaaaaaGccaGLOaGaayzkaaaaaiGacYgacaGGUbWaaeWaaeaadaWcaaqaaiaadkhaaeaacaWGYbWaaSbaaSqaaiaadogacaWGVbGaamOCaiaadwgaaeqaaaaaaOGaayjkaiaawMcaaiaabccacaqGGaGaaeiiaiaabccacaqGGaGaaeiiaiaabccacaqGOaGaaeOmaiaabMcaaaa@93BD@</annotation>
 </semantics>
</math>
