<math display='block'>
 <semantics>
  <mtable columnalign='left'>
   <mtr>
    <mtd>
     <mtext>&#x2003;</mtext><mtext>&#x2003;</mtext><mtext>&#x2009;</mtext><munder>
      <mrow>
       <mi>min</mi></mrow>
      <mrow>
       <mi>w</mi><mo>,</mo><mi>b</mi><mo>,</mo><mi>&#x03BE;</mi></mrow>
     </munder>
     <mtext>&#x2003;</mtext><mtext>&#x2009;</mtext><mfrac>
      <mn>1</mn>
      <mn>2</mn>
     </mfrac>
     <msup>
      <mi>w</mi>
      <mi>T</mi>
     </msup>
     <mi>w</mi><mo>+</mo><mi>C</mi><munderover>
      <mstyle mathsize='140%' displaystyle='true'><mo>&#x2211;</mo></mstyle>
      <mrow>
       <mi>i</mi><mo>=</mo><mn>1</mn></mrow>
      <mi>l</mi>
     </munderover >
     <msub>
      <mi>&#x03BE;</mi>
      <mi>i</mi>
     </msub>

    </mtd>
   </mtr>
   <mtr>
    <mtd>
     <mtext>subject</mtext><mtext>&#x2009;</mtext><mtext>to&#x00A0;</mtext><mtext>&#x2009;</mtext><mtext>&#x2003;</mtext><msub>
      <mi>y</mi>
      <mi>i</mi>
     </msub>
     <mo stretchy='false'>(</mo><msup>
      <mi>w</mi>
      <mi>T</mi>
     </msup>
     <mi>&#x03D5;</mi><mrow><mo>(</mo>
      <mrow>
       <msub>
        <mi>x</mi>
        <mi>i</mi>
       </msub>
       </mrow>
     <mo>)</mo></mrow><mo>+</mo><mi>b</mi><mo stretchy='false'>)</mo><mo>&#x00A0;</mo><mtext>&#x2009;</mtext><mo>&#x2265;</mo><mtext>&#x2009;</mtext><mn>1</mn><mo>&#x2212;</mo><msub>
      <mi>&#x03BE;</mi>
      <mi>i</mi>
     </msub>

    </mtd>
   </mtr>
   <mtr>
    <mtd>
     <mtext>&#x2003;</mtext><mtext>&#x2003;</mtext><mtext>&#x2003;</mtext><mtext>&#x2003;</mtext><mtext>&#x2003;</mtext><msub>
      <mi>&#x03BE;</mi>
      <mi>i</mi>
     </msub>
     <mo>&#x2265;</mo><mn>0</mn><mo>,</mo><mtext>&#x2003;</mtext><mo>&#x2200;</mo><mi>i</mi>
    </mtd>
   </mtr>
  </mtable>

  <annotation encoding='MathType-MTEF'>MathType@MTEF@5@5@+=faaagCart1ev2aaaKnaaaaWenf2ys9wBH5garuavP1wzZbItLDhis9wBH5garmWu51MyVXgaruWqVvNCPvMCG4uz3bqee0evGueE0jxyaibaieYlf9irVeeu0dXdh9vqqj=hHeeu0xXdbba9frFj0=OqFfea0dXdd9vqaq=JfrVkFHe9pgea0dXdar=Jb9hs0dXdbPYxe9vr0=vr0=vqpi0dc9GqpWqaaeaabiGaciaacaqabeaadaqaaqaaaOabaeqabaGaaGzbVlaaywW7caaMc8+aaCbeaeaaqaaaaaaaaaWdbiGac2gacaGGPbGaaiOBaaWcpaqaa8qacaWG3bGaaiilaiaadkgacaGGSaGaeqOVdGhapaqabaGccaaMf8UaaGjbV=qadaWcaaWdaeaapeGaaGymaaWdaeaapeGaaGOmaaaacaWG3bWdamaaCaaaleqabaWdbiaadsfaaaGccaWG3bGaey4kaSIaam4qamaawahabeWcpaqaa8qacaWGPbGaeyypa0JaaGymaaWdaeaapeGaamiBaaqdpaqaa8qacqGHris5aaGccqaH+oaEpaWaaSbaaSqaa8qacaWGPbaapaqabaaakeaapeGaae4CaiaabwhacaqGIbGaaeOAaiaabwgacaqGJbGaaeiDaiaaysW7caqG0bGaae4BaiaabckacaaMe8UaaGzbVlaadMhapaWaaSbaaSqaa8qacaWGPbaapaqabaGccaGGOaWdbiaadEhapaWaaWbaaSqabeaapeGaamivaaaak8aacqaHvpGzdaqadaqaa8qacaWG4bWdamaaBaaaleaapeGaamyAaaWdaeqaaaGccaGLOaGaayzkaaWdbiabgUcaRiaadkgapaGaaiyka8qacaGGGcGaaGjbVlabgwMiZkaaysW7caaIXaGaeyOeI0IaeqOVdG3damaaBaaaleaapeGaamyAaaWdaeqaaaGcpeqaaiaaywW7caaMf8UaaGzbVlaaywW7caaMf8UaeqOVdG3damaaBaaaleaapeGaamyAaaWdaeqaaOWdbiabgwMiZkaaicdacaGGSaGaaGzbVlabgcGiIiaadMgaaaaa@8B25@</annotation>
 </semantics>
</math>
