<math display='block'>
 <semantics>
  <mrow>
   <msubsup>
    <mi>P</mi>
    <mrow>
     <mi>x</mi><mo>,</mo><mi>t</mi></mrow>
    <mi>c</mi>
   </msubsup>
   <mo>=</mo><msubsup>
    <mi>D</mi>
    <mi>t</mi>
    <mi>c</mi>
   </msubsup>
   <mrow><mo>(</mo>
    <mrow>
     <mfrac>
      <mrow>
       <mstyle displaystyle='true'>
        <munderover>
         <mo>&#x2211;</mo>
         <mrow>
          <mi>j</mi><mo>=</mo><mn>1</mn></mrow>
         <mi>m</mi>
        </munderover>
        <mrow>
         <msubsup>
          <mi>D</mi>
          <mrow>
           <mi>t</mi><mo>&#x2212;</mo><mi>j</mi><mo>+</mo><mn>1</mn></mrow>
          <mrow>
           <mi>c</mi><mo>&#x2212;</mo><mi>j</mi></mrow>
         </msubsup>
         </mrow>
       </mstyle></mrow>
      <mrow>
       <mstyle displaystyle='true'>
        <munderover>
         <mo>&#x2211;</mo>
         <mrow>
          <mi>j</mi><mo>=</mo><mn>1</mn></mrow>
         <mi>m</mi>
        </munderover>
        <mrow>
         <msubsup>
          <mi>D</mi>
          <mrow>
           <mi>t</mi><mo>&#x2212;</mo><mi>j</mi></mrow>
          <mrow>
           <mi>c</mi><mo>&#x2212;</mo><mi>j</mi></mrow>
         </msubsup>
         </mrow>
       </mstyle></mrow>
     </mfrac>
     <mo>+</mo><mfrac>
      <mrow>
       <mstyle displaystyle='true'>
        <munderover>
         <mo>&#x2211;</mo>
         <mrow>
          <mi>j</mi><mo>=</mo><mn>1</mn></mrow>
         <mi>m</mi>
        </munderover>
        <mrow>
         <msubsup>
          <mi>D</mi>
          <mrow>
           <mi>t</mi><mo>&#x2212;</mo><mi>j</mi><mo>+</mo><mn>2</mn></mrow>
          <mrow>
           <mi>c</mi><mo>&#x2212;</mo><mi>j</mi></mrow>
         </msubsup>
         </mrow>
       </mstyle></mrow>
      <mrow>
       <mstyle displaystyle='true'>
        <munderover>
         <mo>&#x2211;</mo>
         <mrow>
          <mi>j</mi><mo>=</mo><mn>1</mn></mrow>
         <mi>m</mi>
        </munderover>
        <mrow>
         <msubsup>
          <mi>D</mi>
          <mrow>
           <mi>t</mi><mo>&#x2212;</mo><mi>j</mi></mrow>
          <mrow>
           <mi>c</mi><mo>&#x2212;</mo><mi>j</mi></mrow>
         </msubsup>
         </mrow>
       </mstyle></mrow>
     </mfrac>
     <mo>+</mo><mfrac>
      <mrow>
       <mstyle displaystyle='true'>
        <munderover>
         <mo>&#x2211;</mo>
         <mrow>
          <mi>j</mi><mo>=</mo><mn>1</mn></mrow>
         <mi>m</mi>
        </munderover>
        <mrow>
         <msubsup>
          <mi>D</mi>
          <mrow>
           <mi>t</mi><mo>&#x2212;</mo><mi>j</mi><mo>+</mo><mn>3</mn></mrow>
          <mrow>
           <mi>c</mi><mo>&#x2212;</mo><mi>j</mi></mrow>
         </msubsup>
         </mrow>
       </mstyle></mrow>
      <mrow>
       <mstyle displaystyle='true'>
        <munderover>
         <mo>&#x2211;</mo>
         <mrow>
          <mi>j</mi><mo>=</mo><mn>1</mn></mrow>
         <mi>m</mi>
        </munderover>
        <mrow>
         <msubsup>
          <mi>D</mi>
          <mrow>
           <mi>t</mi><mo>&#x2212;</mo><mi>j</mi></mrow>
          <mrow>
           <mi>c</mi><mo>&#x2212;</mo><mi>j</mi></mrow>
         </msubsup>
         </mrow>
       </mstyle></mrow>
     </mfrac>
     <mo>+</mo><mfrac>
      <mrow>
       <mstyle displaystyle='true'>
        <munderover>
         <mo>&#x2211;</mo>
         <mrow>
          <mi>j</mi><mo>=</mo><mn>1</mn></mrow>
         <mi>m</mi>
        </munderover>
        <mrow>
         <msubsup>
          <mi>D</mi>
          <mrow>
           <mi>t</mi><mo>&#x2212;</mo><mi>j</mi><mo>+</mo><mn>4</mn></mrow>
          <mrow>
           <mi>c</mi><mo>&#x2212;</mo><mi>j</mi></mrow>
         </msubsup>
         </mrow>
       </mstyle></mrow>
      <mrow>
       <mstyle displaystyle='true'>
        <munderover>
         <mo>&#x2211;</mo>
         <mrow>
          <mi>j</mi><mo>=</mo><mn>1</mn></mrow>
         <mi>m</mi>
        </munderover>
        <mrow>
         <msubsup>
          <mi>D</mi>
          <mrow>
           <mi>t</mi><mo>&#x2212;</mo><mi>j</mi></mrow>
          <mrow>
           <mi>c</mi><mo>&#x2212;</mo><mi>j</mi></mrow>
         </msubsup>
         </mrow>
       </mstyle></mrow>
     </mfrac>
     <mo>+</mo><mo>.</mo><mo>.</mo><mo>.</mo></mrow>
   <mo>)</mo></mrow></mrow>
  <annotation encoding='MathType-MTEF'>MathType@MTEF@5@5@+=faaagCart1ev2aaaKnaaaaWenf2ys9wBH5garuavP1wzZbItLDhis9wBH5garmWu51MyVXgaruWqVvNCPvMCG4uz3bqee0evGueE0jxyaibaieYlf9irVeeu0dXdh9vqqj=hHeeu0xXdbba9frFj0=OqFfea0dXdd9vqaq=JfrVkFHe9pgea0dXdar=Jb9hs0dXdbPYxe9vr0=vr0=vqpi0dc9GqpWqaaeaabiGaciaacaqabeaadaqaaqaaaOqaaiaadcfadaqhaaWcbaGaamiEaiaacYcacaWG0baabaGaam4yaaaakiabg2da9iaadseadaqhaaWcbaGaamiDaaqaaiaadogaaaGcdaqadaqaamaalaaabaWaaabCaeaacaWGebWaa0baaSqaaiaadshacqGHsislcaWGQbGaey4kaSIaaGymaaqaaiaadogacqGHsislcaWGQbaaaaqaaiaadQgacqGH9aqpcaaIXaaabaGaamyBaaqdcqGHris5aaGcbaWaaabCaeaacaWGebWaa0baaSqaaiaadshacqGHsislcaWGQbaabaGaam4yaiabgkHiTiaadQgaaaaabaGaamOAaiabg2da9iaaigdaaeaacaWGTbaaniabggHiLdaaaOGaey4kaSYaaSaaaeaadaaeWbqaaiaadseadaqhaaWcbaGaamiDaiabgkHiTiaadQgacqGHRaWkcaaIYaaabaGaam4yaiabgkHiTiaadQgaaaaabaGaamOAaiabg2da9iaaigdaaeaacaWGTbaaniabggHiLdaakeaadaaeWbqaaiaadseadaqhaaWcbaGaamiDaiabgkHiTiaadQgaaeaacaWGJbGaeyOeI0IaamOAaaaaaeaacaWGQbGaeyypa0JaaGymaaqaaiaad2gaa0GaeyyeIuoaaaGccqGHRaWkdaWcaaqaamaaqahabaGaamiramaaDaaaleaacaWG0bGaeyOeI0IaamOAaiabgUcaRiaaiodaaeaacaWGJbGaeyOeI0IaamOAaaaaaeaacaWGQbGaeyypa0JaaGymaaqaaiaad2gaa0GaeyyeIuoaaOqaamaaqahabaGaamiramaaDaaaleaacaWG0bGaeyOeI0IaamOAaaqaaiaadogacqGHsislcaWGQbaaaaqaaiaadQgacqGH9aqpcaaIXaaabaGaamyBaaqdcqGHris5aaaakiabgUcaRmaalaaabaWaaabCaeaacaWGebWaa0baaSqaaiaadshacqGHsislcaWGQbGaey4kaSIaaGinaaqaaiaadogacqGHsislcaWGQbaaaaqaaiaadQgacqGH9aqpcaaIXaaabaGaamyBaaqdcqGHris5aaGcbaWaaabCaeaacaWGebWaa0baaSqaaiaadshacqGHsislcaWGQbaabaGaam4yaiabgkHiTiaadQgaaaaabaGaamOAaiabg2da9iaaigdaaeaacaWGTbaaniabggHiLdaaaOGaey4kaSIaaiOlaiaac6cacaGGUaaacaGLOaGaayzkaaaaaa@ACBC@</annotation>
 </semantics>
</math>
