<math display="block">
 <semantics>
  <mtable columnalign='left'>
   <mtr>
    <mtd>
     <msubsup>
      <mi>G</mi>
      <mi>m</mi>
      <mrow>
       <mi>&#x03B2;</mi><mrow><mo>(</mo>
        <mi>O</mi>
       <mo>)</mo></mrow></mrow>
     </msubsup>
     <mrow><mo>(</mo>
      <mrow>
       <msubsup>
        <mi>y</mi>
        <mi>i</mi>
        <mrow>
         <mrow><mo>(</mo>
          <mi>s</mi>
         <mo>)</mo></mrow></mrow>
       </msubsup>
       </mrow>
     <mo>)</mo></mrow><mo>=</mo><munder>
      <mstyle mathsize='140%' displaystyle='true'><mo>&#x2211;</mo></mstyle>
      <mi>i</mi>
     </munder>
     <munder>
      <mstyle mathsize='140%' displaystyle='true'><mo>&#x2211;</mo></mstyle>
      <mi>j</mi>
     </munder>
     <mrow><mo>(</mo>
      <mrow>
       <msubsup>
        <mi>y</mi>
        <mi>i</mi>
        <mo>&#x0027;</mo>
       </msubsup>
       <msubsup>
        <mi>y</mi>
        <mi>j</mi>
        <mrow>
         <mo>&#x0027;</mo><mo>&#x0027;</mo></mrow>
       </msubsup>
       <mmultiscripts>
        <mi>G</mi>
        <mprescripts/>
        <mo>&#x00A0;</mo>
        <mi>o</mi>
       </mmultiscripts>
       <msubsup>
        <mrow></mrow>
        <mrow>
         <mi>i</mi><mo>:</mo><mi>j</mi></mrow>
        <mrow>
         <mi>&#x03B2;</mi><mrow><mo>(</mo>
          <mi>O</mi>
         <mo>)</mo></mrow></mrow>
       </msubsup>
       <mo>+</mo><msubsup>
        <mi>y</mi>
        <mi>j</mi>
        <mo>&#x0027;</mo>
       </msubsup>
       <msubsup>
        <mi>y</mi>
        <mi>i</mi>
        <mrow>
         <mo>&#x0027;</mo><mo>&#x0027;</mo></mrow>
       </msubsup>
       <mmultiscripts>
        <mi>G</mi>
        <mprescripts/>
        <mo>&#x00A0;</mo>
        <mi>o</mi>
       </mmultiscripts>
       <msubsup>
        <mrow></mrow>
        <mrow>
         <mi>j</mi><mo>:</mo><mi>i</mi></mrow>
        <mrow>
         <mi>&#x03B2;</mi><mrow><mo>(</mo>
          <mi>O</mi>
         <mo>)</mo></mrow></mrow>
       </msubsup>
       </mrow>
     <mo>)</mo></mrow><mo>+</mo><mi>R</mi><mi>T</mi><mrow><mo>[</mo> <mrow>
      <munder>
       <mstyle mathsize='140%' displaystyle='true'><mo>&#x2211;</mo></mstyle>
       <mi>i</mi>
      </munder>
      <msubsup>
       <mi>y</mi>
       <mi>i</mi>
       <mo>&#x0027;</mo>
      </msubsup>
      <mi>ln</mi><mrow><mo>(</mo>
       <mrow>
        <msubsup>
         <mi>y</mi>
         <mi>i</mi>
         <mo>&#x0027;</mo>
        </msubsup>
        </mrow>
      <mo>)</mo></mrow><mo>+</mo><munder>
       <mstyle mathsize='140%' displaystyle='true'><mo>&#x2211;</mo></mstyle>
       <mi>j</mi>
      </munder>
      <msubsup>
       <mi>y</mi>
       <mi>j</mi>
       <mrow>
        <mo>&#x0027;</mo><mo>&#x0027;</mo></mrow>
      </msubsup>
      <mi>ln</mi><mrow><mo>(</mo>
       <mrow>
        <msubsup>
         <mi>y</mi>
         <mi>j</mi>
         <mrow>
          <mo>&#x0027;</mo><mo>&#x0027;</mo></mrow>
        </msubsup>
        </mrow>
      <mo>)</mo></mrow></mrow> <mo>]</mo></mrow>
    </mtd>
   </mtr>
   <mtr>
    <mtd>
     <mo>+</mo><munder>
      <mstyle mathsize='140%' displaystyle='true'><mo>&#x2211;</mo></mstyle>
      <mi>i</mi>
     </munder>
     <munder>
      <mstyle mathsize='140%' displaystyle='true'><mo>&#x2211;</mo></mstyle>
      <mi>j</mi>
     </munder>
     <munder>
      <mstyle mathsize='140%' displaystyle='true'><mo>&#x2211;</mo></mstyle>
      <mi>k</mi>
     </munder>
     <mrow><mo>{</mo> <mrow>
      <msubsup>
       <mi>y</mi>
       <mi>i</mi>
       <mo>&#x0027;</mo>
      </msubsup>
      <msubsup>
       <mi>y</mi>
       <mi>j</mi>
       <mo>&#x0027;</mo>
      </msubsup>
      <msubsup>
       <mi>y</mi>
       <mi>k</mi>
       <mrow>
        <mo>&#x0027;</mo><mo>&#x0027;</mo></mrow>
      </msubsup>
      <mrow><mo>[</mo> <mrow>
       <munder>
        <mstyle mathsize='140%' displaystyle='true'><mo>&#x2211;</mo></mstyle>
        <mi>k</mi>
       </munder>
       <mmultiscripts>
        <mi>L</mi>
        <mprescripts/>
        <mo>&#x00A0;</mo>
        <mi>v</mi>
       </mmultiscripts>
       <msubsup>
        <mrow></mrow>
        <mrow>
         <mi>i</mi><mo>,</mo><mi>j</mi><mo>:</mo><mi>k</mi></mrow>
        <mrow>
         <mi>&#x03B2;</mi><mrow><mo>(</mo>
          <mi>O</mi>
         <mo>)</mo></mrow></mrow>
       </msubsup>
       <msup>
        <mrow>
         <mrow><mo>(</mo>
          <mrow>
           <msubsup>
            <mi>y</mi>
            <mi>i</mi>
            <mo>&#x0027;</mo>
           </msubsup>
           <mo>&#x2212;</mo><msubsup>
            <mi>y</mi>
            <mi>j</mi>
            <mo>&#x0027;</mo>
           </msubsup>
           </mrow>
         <mo>)</mo></mrow></mrow>
        <mi>v</mi>
       </msup>
       </mrow> <mo>]</mo></mrow></mrow> <mo>}</mo></mrow><mo>+</mo><munder>
      <mstyle mathsize='140%' displaystyle='true'><mo>&#x2211;</mo></mstyle>
      <mi>i</mi>
     </munder>
     <munder>
      <mstyle mathsize='140%' displaystyle='true'><mo>&#x2211;</mo></mstyle>
      <mi>j</mi>
     </munder>
     <munder>
      <mstyle mathsize='140%' displaystyle='true'><mo>&#x2211;</mo></mstyle>
      <mi>k</mi>
     </munder>
     <mrow><mo>{</mo> <mrow>
      <msubsup>
       <mi>y</mi>
       <mi>k</mi>
       <mo>&#x0027;</mo>
      </msubsup>
      <msubsup>
       <mi>y</mi>
       <mi>i</mi>
       <mrow>
        <mo>&#x0027;</mo><mo>&#x0027;</mo></mrow>
      </msubsup>
      <msubsup>
       <mi>y</mi>
       <mi>j</mi>
       <mrow>
        <mo>&#x0027;</mo><mo>&#x0027;</mo></mrow>
      </msubsup>
      <mrow><mo>[</mo> <mrow>
       <munder>
        <mstyle mathsize='140%' displaystyle='true'><mo>&#x2211;</mo></mstyle>
        <mi>k</mi>
       </munder>
       <mmultiscripts>
        <mi>L</mi>
        <mprescripts/>
        <mo>&#x00A0;</mo>
        <mi>v</mi>
       </mmultiscripts>
       <msubsup>
        <mrow></mrow>
        <mrow>
         <mi>k</mi><mo>:</mo><mi>i</mi><mo>,</mo><mi>j</mi></mrow>
        <mrow>
         <mi>&#x03B2;</mi><mrow><mo>(</mo>
          <mi>O</mi>
         <mo>)</mo></mrow></mrow>
       </msubsup>
       <msup>
        <mrow>
         <mrow><mo>(</mo>
          <mrow>
           <msubsup>
            <mi>y</mi>
            <mi>i</mi>
            <mrow>
             <mo>&#x0027;</mo><mo>&#x0027;</mo></mrow>
           </msubsup>
           <mo>&#x2212;</mo><msubsup>
            <mi>y</mi>
            <mi>j</mi>
            <mrow>
             <mo>&#x0027;</mo><mo>&#x0027;</mo></mrow>
           </msubsup>
           </mrow>
         <mo>)</mo></mrow></mrow>
        <mi>v</mi>
       </msup>
       </mrow> <mo>]</mo></mrow></mrow> <mo>}</mo></mrow>
    </mtd>
   </mtr>
   <mtr>
    <mtd>
     <mo>+</mo><munder>
      <mstyle mathsize='140%' displaystyle='true'><mo>&#x2211;</mo></mstyle>
      <mi>i</mi>
     </munder>
     <munder>
      <mstyle mathsize='140%' displaystyle='true'><mo>&#x2211;</mo></mstyle>
      <mi>j</mi>
     </munder>
     <munder>
      <mstyle mathsize='140%' displaystyle='true'><mo>&#x2211;</mo></mstyle>
      <mi>k</mi>
     </munder>
     <munder>
      <mstyle mathsize='140%' displaystyle='true'><mo>&#x2211;</mo></mstyle>
      <mi>l</mi>
     </munder>
     <msubsup>
      <mi>y</mi>
      <mi>i</mi>
      <mo>&#x0027;</mo>
     </msubsup>
     <msubsup>
      <mi>y</mi>
      <mi>j</mi>
      <mo>&#x0027;</mo>
     </msubsup>
     <msubsup>
      <mi>y</mi>
      <mi>k</mi>
      <mrow>
       <mo>&#x0027;</mo><mo>&#x0027;</mo></mrow>
     </msubsup>
     <msubsup>
      <mi>y</mi>
      <mi>l</mi>
      <mrow>
       <mo>&#x0027;</mo><mo>&#x0027;</mo></mrow>
     </msubsup>
     <mmultiscripts>
      <mi>L</mi>
      <mprescripts/>
      <mo>&#x00A0;</mo>
      <mi>v</mi>
     </mmultiscripts>
     <msubsup>
      <mrow></mrow>
      <mrow>
       <mi>i</mi><mo>,</mo><mi>j</mi><mo>:</mo><mi>k</mi><mo>,</mo><mi>l</mi></mrow>
      <mrow>
       <mi>&#x03B2;</mi><mrow><mo>(</mo>
        <mi>O</mi>
       <mo>)</mo></mrow></mrow>
     </msubsup>
     <mo>+</mo><munder>
      <mstyle mathsize='140%' displaystyle='true'><mo>&#x2211;</mo></mstyle>
      <mi>i</mi>
     </munder>
     <munder>
      <mstyle mathsize='140%' displaystyle='true'><mo>&#x2211;</mo></mstyle>
      <mi>j</mi>
     </munder>
     <munder>
      <mstyle mathsize='140%' displaystyle='true'><mo>&#x2211;</mo></mstyle>
      <mi>k</mi>
     </munder>
     <munder>
      <mstyle mathsize='140%' displaystyle='true'><mo>&#x2211;</mo></mstyle>
      <mi>l</mi>
     </munder>
     <mrow><mo>(</mo>
      <mrow>
       <msubsup>
        <mi>y</mi>
        <mi>i</mi>
        <mo>&#x0027;</mo>
       </msubsup>
       <msubsup>
        <mi>y</mi>
        <mi>j</mi>
        <mo>&#x0027;</mo>
       </msubsup>
       <msubsup>
        <mi>y</mi>
        <mi>k</mi>
        <mo>&#x0027;</mo>
       </msubsup>
       <msubsup>
        <mi>y</mi>
        <mi>l</mi>
        <mrow>
         <mo>&#x0027;</mo><mo>&#x0027;</mo></mrow>
       </msubsup>
       <mmultiscripts>
        <mi>L</mi>
        <mprescripts/>
        <mo>&#x00A0;</mo>
        <mi>v</mi>
       </mmultiscripts>
       <msubsup>
        <mrow></mrow>
        <mrow>
         <mi>i</mi><mo>,</mo><mi>j</mi><mo>,</mo><mi>k</mi><mo>:</mo><mi>l</mi></mrow>
        <mrow>
         <mi>&#x03B2;</mi><mrow><mo>(</mo>
          <mi>O</mi>
         <mo>)</mo></mrow></mrow>
       </msubsup>
       <mo>+</mo><msubsup>
        <mi>y</mi>
        <mi>i</mi>
        <mrow>
         <mo>&#x0027;</mo><mo>&#x0027;</mo></mrow>
       </msubsup>
       <msubsup>
        <mi>y</mi>
        <mi>j</mi>
        <mrow>
         <mo>&#x0027;</mo><mo>&#x0027;</mo></mrow>
       </msubsup>
       <msubsup>
        <mi>y</mi>
        <mi>k</mi>
        <mrow>
         <mo>&#x0027;</mo><mo>&#x0027;</mo></mrow>
       </msubsup>
       <msubsup>
        <mi>y</mi>
        <mi>l</mi>
        <mo>&#x0027;</mo>
       </msubsup>
       <mmultiscripts>
        <mi>L</mi>
        <mprescripts/>
        <mo>&#x00A0;</mo>
        <mi>v</mi>
       </mmultiscripts>
       <msubsup>
        <mrow></mrow>
        <mrow>
         <mi>l</mi><mo>:</mo><mi>i</mi><mo>,</mo><mi>j</mi><mo>,</mo><mi>k</mi></mrow>
        <mrow>
         <mi>&#x03B2;</mi><mrow><mo>(</mo>
          <mi>O</mi>
         <mo>)</mo></mrow></mrow>
       </msubsup>
       </mrow>
     <mo>)</mo></mrow>
    </mtd>
   </mtr>
  </mtable>

  <annotation encoding='MathType-MTEF'>MathType@MTEF@5@5@+=faaagCart1ev2aqaKnaaaaWenf2ys9wBH5garuavP1wzZbItLDhis9wBH5garmWu51MyVXgaruWqVvNCPvMCG4uz3bqee0evGueE0jxyaibaieYlNi=xH8yiVC0xbbL8FesqqrFfpeea0xe9Lq=Jc9vqaqpepm0xbbG8FasPYRqj0=yi0dXdbba9pGe9xq=JbbG8A8frFve9Fve9Ff0dc9Gqpi0dmeaabaqaciGacaGaaeqabaWaaeaaeaaakqaabeqaaabaaaaaaaaapeGaam4ra8aadaqhaaWcbaWdbiaad2gaa8aabaWdbiabek7aInaabmaapaqaa8qacaWGpbaacaGLOaGaayzkaaaaaOWaaeWaa8aabaWdbiaadMhapaWaa0baaSqaa8qacaWGPbaapaqaa8qadaqadaWdaeaapeGaam4CaaGaayjkaiaawMcaaaaaaOGaayjkaiaawMcaaiabg2da9maawafabeWcpaqaa8qacaWGPbaabeqdpaqaa8qacqGHris5aaGcdaGfqbqabSWdaeaapeGaamOAaaqab0WdaeaapeGaeyyeIuoaaOWaaeWaaeaacaWG5bWdamaaDaaaleaapeGaamyAaaWdaeaapeGaai4jaaaakiaadMhapaWaa0baaSqaa8qacaWGQbaapaqaa8qacaGGNaGaai4jaaaak8aadaqhbaWcbaWdbiaacckaa8aabaWdbiaad+gaaaGccaWGhbWdamaaDaaaleaapeGaamyAaiaacQdacaWGQbaapaqaa8qacqaHYoGydaqadaWdaeaapeGaam4taaGaayjkaiaawMcaaaaakiabgUcaRiaadMhapaWaa0baaSqaa8qacaWGQbaapaqaa8qacaGGNaaaaOGaamyEa8aadaqhaaWcbaWdbiaadMgaa8aabaWdbiaacEcacaGGNaaaaOWdamaaDeaaleaapeGaaiiOaaWdaeaapeGaam4BaaaakiaadEeapaWaa0baaSqaa8qacaWGQbGaaiOoaiaadMgaa8aabaWdbiabek7aInaabmaapaqaa8qacaWGpbaacaGLOaGaayzkaaaaaaGccaGLOaGaayzkaaGaey4kaSIaamOuaiaadsfadaWadaWdaeaapeWaaybuaeqal8aabaWdbiaadMgaaeqan8aabaWdbiabggHiLdaakiaadMhapaWaa0baaSqaa8qacaWGPbaapaqaa8qacaGGNaaaaOGaciiBaiaac6gadaqadaWdaeaapeGaamyEa8aadaqhaaWcbaWdbiaadMgaa8aabaWdbiaacEcaaaaakiaawIcacaGLPaaacqGHRaWkdaGfqbqabSWdaeaapeGaamOAaaqab0WdaeaapeGaeyyeIuoaaOGaamyEa8aadaqhaaWcbaWdbiaadQgaa8aabaWdbiaacEcacaGGNaaaaOGaciiBaiaac6gadaqadaWdaeaapeGaamyEa8aadaqhaaWcbaWdbiaadQgaa8aabaWdbiaacEcacaGGNaaaaaGccaGLOaGaayzkaaaacaGLBbGaayzxaaaabaGaey4kaSYaaybuaeqal8aabaWdbiaadMgaaeqan8aabaWdbiabggHiLdaakmaawafabeWcpaqaa8qacaWGQbaabeqdpaqaa8qacqGHris5aaGcdaGfqbqabSWdaeaapeGaam4Aaaqab0WdaeaapeGaeyyeIuoaaOWaaiWaa8aabaWdbiaadMhapaWaa0baaSqaa8qacaWGPbaapaqaa8qacaGGNaaaaOGaamyEa8aadaqhaaWcbaWdbiaadQgaa8aabaWdbiaacEcaaaGccaWG5bWdamaaDaaaleaapeGaam4AaaWdaeaapeGaai4jaiaacEcaaaGcdaWadaWdaeaapeWaaybuaeqal8aabaWdbiaadUgaaeqan8aabaWdbiabggHiLdaak8aadaqhbaWcbaWdbiaacckaa8aabaWdbiaadAhaaaGccaWGmbWdamaaDaaaleaapeGaamyAaiaacYcacaWGQbGaaiOoaiaadUgaa8aabaWdbiabek7aInaabmaapaqaa8qacaWGpbaacaGLOaGaayzkaaaaaOWaaeWaa8aabaWdbiaadMhapaWaa0baaSqaa8qacaWGPbaapaqaa8qacaGGNaaaaOGaeyOeI0IaamyEa8aadaqhaaWcbaWdbiaadQgaa8aabaWdbiaacEcaaaaakiaawIcacaGLPaaapaWaaWbaaSqabeaapeGaamODaaaaaOGaay5waiaaw2faaaGaay5Eaiaaw2haaiabgUcaRmaawafabeWcpaqaa8qacaWGPbaabeqdpaqaa8qacqGHris5aaGcdaGfqbqabSWdaeaapeGaamOAaaqab0WdaeaapeGaeyyeIuoaaOWaaybuaeqal8aabaWdbiaadUgaaeqan8aabaWdbiabggHiLdaakmaacmaapaqaa8qacaWG5bWdamaaDaaaleaapeGaam4AaaWdaeaapeGaai4jaaaakiaadMhapaWaa0baaSqaa8qacaWGPbaapaqaa8qacaGGNaGaai4jaaaakiaadMhapaWaa0baaSqaa8qacaWGQbaapaqaa8qacaGGNaGaai4jaaaakmaadmaapaqaa8qadaGfqbqabSWdaeaapeGaam4Aaaqab0WdaeaapeGaeyyeIuoaaOWdamaaDeaaleaapeGaaiiOaaWdaeaapeGaamODaaaakiaadYeapaWaa0baaSqaa8qacaWGRbGaaiOoaiaadMgacaGGSaGaamOAaaWdaeaapeGaeqOSdi2aaeWaa8aabaWdbiaad+eaaiaawIcacaGLPaaaaaGcdaqadaWdaeaapeGaamyEa8aadaqhaaWcbaWdbiaadMgaa8aabaWdbiaacEcacaGGNaaaaOGaeyOeI0IaamyEa8aadaqhaaWcbaWdbiaadQgaa8aabaWdbiaacEcacaGGNaaaaaGccaGLOaGaayzkaaWdamaaCaaaleqabaWdbiaadAhaaaaakiaawUfacaGLDbaaaiaawUhacaGL9baaaeaacqGHRaWkdaGfqbqabSWdaeaapeGaamyAaaqab0WdaeaapeGaeyyeIuoaaOWaaybuaeqal8aabaWdbiaadQgaaeqan8aabaWdbiabggHiLdaakmaawafabeWcpaqaa8qacaWGRbaabeqdpaqaa8qacqGHris5aaGcdaGfqbqabSWdaeaapeGaamiBaaqab0WdaeaapeGaeyyeIuoaaOGaamyEa8aadaqhaaWcbaWdbiaadMgaa8aabaWdbiaacEcaaaGccaWG5bWdamaaDaaaleaapeGaamOAaaWdaeaapeGaai4jaaaakiaadMhapaWaa0baaSqaa8qacaWGRbaapaqaa8qacaGGNaGaai4jaaaakiaadMhapaWaa0baaSqaa8qacaWGSbaapaqaa8qacaGGNaGaai4jaaaak8aadaqhbaWcbaWdbiaacckaa8aabaWdbiaadAhaaaGccaWGmbWdamaaDaaaleaapeGaamyAaiaacYcacaWGQbGaaiOoaiaadUgacaGGSaGaamiBaaWdaeaapeGaeqOSdi2aaeWaa8aabaWdbiaad+eaaiaawIcacaGLPaaaaaGccqGHRaWkdaGfqbqabSWdaeaapeGaamyAaaqab0WdaeaapeGaeyyeIuoaaOWaaybuaeqal8aabaWdbiaadQgaaeqan8aabaWdbiabggHiLdaakmaawafabeWcpaqaa8qacaWGRbaabeqdpaqaa8qacqGHris5aaGcdaGfqbqabSWdaeaapeGaamiBaaqab0WdaeaapeGaeyyeIuoaaOWaaeWaaeaacaWG5bWdamaaDaaaleaapeGaamyAaaWdaeaapeGaai4jaaaakiaadMhapaWaa0baaSqaa8qacaWGQbaapaqaa8qacaGGNaaaaOGaamyEa8aadaqhaaWcbaWdbiaadUgaa8aabaWdbiaacEcaaaGccaWG5bWdamaaDaaaleaapeGaamiBaaWdaeaapeGaai4jaiaacEcaaaGcpaWaa0raaSqaa8qacaGGGcaapaqaa8qacaWG2baaaOGaamita8aadaqhaaWcbaWdbiaadMgacaGGSaGaamOAaiaacYcacaWGRbGaaiOoaiaadYgaa8aabaWdbiabek7aInaabmaapaqaa8qacaWGpbaacaGLOaGaayzkaaaaaOGaey4kaSIaamyEa8aadaqhaaWcbaWdbiaadMgaa8aabaWdbiaacEcacaGGNaaaaOGaamyEa8aadaqhaaWcbaWdbiaadQgaa8aabaWdbiaacEcacaGGNaaaaOGaamyEa8aadaqhaaWcbaWdbiaadUgaa8aabaWdbiaacEcacaGGNaaaaOGaamyEa8aadaqhaaWcbaWdbiaadYgaa8aabaWdbiaacEcaaaGcpaWaa0raaSqaa8qacaGGGcaapaqaa8qacaWG2baaaOGaamita8aadaqhaaWcbaWdbiaadYgacaGG6aGaamyAaiaacYcacaWGQbGaaiilaiaadUgaa8aabaWdbiabek7aInaabmaapaqaa8qacaWGpbaacaGLOaGaayzkaaaaaaGccaGLOaGaayzkaaaaaaa@6697@</annotation>
 </semantics>
</math>
