<math display='block'>
 <semantics>
  <mtable columnalign='left'>
   <mtr>
    <mtd>
     <mmultiscripts>
      <mi>G</mi>
      <mprescripts/>
      <mo>&#x00A0;</mo>
      <mrow>
       <mi>X</mi><mi>S</mi></mrow>
     </mmultiscripts>
     <msubsup>
      <mrow></mrow>
      <mi>m</mi>
      <mi>&#xFFFD;</mi>
     </msubsup>
     <mo>=</mo><munder>
      <mstyle mathsize='140%' displaystyle='true'><mo>&#x2211;</mo></mstyle>
      <mi>i</mi>
     </munder>
     <munder>
      <mstyle mathsize='140%' displaystyle='true'><mo>&#x2211;</mo></mstyle>
      <mrow>
       <mi>j</mi><mo>&#x003E;</mo><mi>i</mi></mrow>
     </munder>
     <msub>
      <mi>x</mi>
      <mi>i</mi>
     </msub>
     <msub>
      <mi>x</mi>
      <mi>j</mi>
     </msub>
     <munder>
      <mstyle mathsize='140%' displaystyle='true'><mo>&#x2211;</mo></mstyle>
      <mrow>
       <mi>v</mi><mo>=</mo><mn>0</mn></mrow>
     </munder>
     <mmultiscripts>
      <mi>L</mi>
      <mprescripts/>
      <mrow></mrow>
      <mi>v</mi>
     </mmultiscripts>
     <msubsup>
      <mrow></mrow>
      <mrow>
       <mi>i</mi><mo>,</mo><mi>j</mi></mrow>
      <mi>&#xFFFD;</mi>
     </msubsup>
     <mrow><mo>(</mo>
      <mrow>
       <msub>
        <mi>x</mi>
        <mi>i</mi>
       </msub>
       <mo>&#x2212;</mo><msub>
        <mi>x</mi>
        <mi>j</mi>
       </msub>
       </mrow>
     <mo>)</mo></mrow>
    </mtd>
   </mtr>
   <mtr>
    <mtd>
     <mo>+</mo><munder>
      <mstyle mathsize='140%' displaystyle='true'><mo>&#x2211;</mo></mstyle>
      <mi>i</mi>
     </munder>
     <munder>
      <mstyle mathsize='140%' displaystyle='true'><mo>&#x2211;</mo></mstyle>
      <mrow>
       <mi>j</mi><mo>&#x003E;</mo><mi>i</mi></mrow>
     </munder>
     <munder>
      <mstyle mathsize='140%' displaystyle='true'><mo>&#x2211;</mo></mstyle>
      <mrow>
       <mi>k</mi><mo>&#x003E;</mo><mi>j</mi></mrow>
     </munder>
     <msub>
      <mi>x</mi>
      <mi>i</mi>
     </msub>
     <msub>
      <mi>x</mi>
      <mi>j</mi>
     </msub>
     <msub>
      <mi>x</mi>
      <mi>k</mi>
     </msub>
     <mrow><mo>[</mo> <mrow>
      <mmultiscripts>
       <mi>L</mi>
       <mprescripts/>
       <mrow></mrow>
       <mn>1</mn>
      </mmultiscripts>
      <msubsup>
       <mrow></mrow>
       <mrow>
        <mi>i</mi><mo>,</mo><mi>j</mi><mo>,</mo><mi>k</mi></mrow>
       <mi>&#xFFFD;</mi>
      </msubsup>
      <mrow><mo>(</mo>
       <mrow>
        <msub>
         <mi>x</mi>
         <mi>i</mi>
        </msub>
        <mo>+</mo><msub>
         <mi>&#x03B4;</mi>
         <mrow>
          <mi>i</mi><mo>,</mo><mi>j</mi><mo>,</mo><mi>k</mi></mrow>
        </msub>
        </mrow>
      <mo>)</mo></mrow><mo>+</mo><mmultiscripts>
       <mi>L</mi>
       <mprescripts/>
       <mrow></mrow>
       <mn>2</mn>
      </mmultiscripts>
      <msubsup>
       <mrow></mrow>
       <mrow>
        <mi>i</mi><mo>,</mo><mi>j</mi><mo>,</mo><mi>k</mi></mrow>
       <mi>&#xFFFD;</mi>
      </msubsup>
      <mrow><mo>(</mo>
       <mrow>
        <msub>
         <mi>x</mi>
         <mi>j</mi>
        </msub>
        <mo>+</mo><msub>
         <mi>&#x03B4;</mi>
         <mrow>
          <mi>i</mi><mo>,</mo><mi>j</mi><mo>,</mo><mi>k</mi></mrow>
        </msub>
        </mrow>
      <mo>)</mo></mrow><mo>+</mo><mmultiscripts>
       <mi>L</mi>
       <mprescripts/>
       <mrow></mrow>
       <mn>3</mn>
      </mmultiscripts>
      <msubsup>
       <mrow></mrow>
       <mrow>
        <mi>i</mi><mo>,</mo><mi>j</mi><mo>,</mo><mi>k</mi></mrow>
       <mi>&#xFFFD;</mi>
      </msubsup>
      <mrow><mo>(</mo>
       <mrow>
        <msub>
         <mi>x</mi>
         <mi>k</mi>
        </msub>
        <mo>+</mo><msub>
         <mi>&#x03B4;</mi>
         <mrow>
          <mi>i</mi><mo>,</mo><mi>j</mi><mo>,</mo><mi>k</mi></mrow>
        </msub>
        </mrow>
      <mo>)</mo></mrow></mrow> <mo>]</mo></mrow>
    </mtd>
   </mtr>
  </mtable>

  <annotation encoding='MathType-MTEF'>MathType@MTEF@5@5@+=faaagCart1ev2aaaKnaaaaWenf2ys9wBH5garuavP1wzZbItLDhis9wBH5garmWu51MyVXgaruWqVvNCPvMCG4uz3bqee0evGueE0jxyaibaieYlNi=xH8yiVC0xbbL8FesqqrFfpeea0xe9Lq=Jc9vqaqpepm0xbbG8FasPYRqj0=yi0dXdbba9pGe9xq=JbbG8A8frFve9Fve9Ff0dc9Gqpi0dmeaabaqaciGacaGaaeqabaWaaeaaeaaakqaabeqaamaaDeaaleaaqaaaaaaaaaWdbiaacckaa8aabaWdbiaadIfacaWGtbaaaOGaam4ra8aadaqhaaWcbaWdbiaad2gaa8aabaWdbiabl2==Ubaakiabg2da9maawafabeWcpaqaa8qacaWGPbaabeqdpaqaa8qacqGHris5aaGcdaGfqbqabSWdaeaapeGaamOAaiabg6da+iaadMgaaeqan8aabaWdbiabggHiLdaakiaadIhapaWaaSbaaSqaa8qacaWGPbaapaqabaGcpeGaamiEa8aadaWgaaWcbaWdbiaadQgaa8aabeaak8qadaGfqbqabSWdaeaapeGaamODaiabg2da9iaaicdaaeqan8aabaWdbiabggHiLdaak8aadaqhbaWcbaaabaWdbiaadAhaaaGccaWGmbWdamaaDaaaleaapeGaamyAaiaacYcacaWGQbaapaqaa8qacqWI9=VBaaGcdaqadaWdaeaapeGaamiEa8aadaWgaaWcbaWdbiaadMgaa8aabeaak8qacqGHsislcaWG4bWdamaaBaaaleaapeGaamOAaaWdaeqaaaGcpeGaayjkaiaawMcaaaqaaiabgUcaRmaawafabeWcpaqaa8qacaWGPbaabeqdpaqaa8qacqGHris5aaGcdaGfqbqabSWdaeaapeGaamOAaiabg6da+iaadMgaaeqan8aabaWdbiabggHiLdaakmaawafabeWcpaqaa8qacaWGRbGaeyOpa4JaamOAaaqab0WdaeaapeGaeyyeIuoaaOGaamiEa8aadaWgaaWcbaWdbiaadMgaa8aabeaak8qacaWG4bWdamaaBaaaleaapeGaamOAaaWdaeqaaOWdbiaadIhapaWaaSbaaSqaa8qacaWGRbaapaqabaGcpeWaamWaaeaapaWaa0raaSqaaaqaa8qacaaIXaaaaOGaamita8aadaqhaaWcbaWdbiaadMgacaGGSaGaamOAaiaacYcacaWGRbaapaqaa8qacqWI9=VBaaGcdaqadaWdaeaapeGaamiEa8aadaWgaaWcbaWdbiaadMgaa8aabeaak8qacqGHRaWkcqaH0oazpaWaaSbaaSqaa8qacaWGPbGaaiilaiaadQgacaGGSaGaam4AaaWdaeqaaaGcpeGaayjkaiaawMcaaiabgUcaR8aadaqhbaWcbaaabaWdbiaaikdaaaGccaWGmbWdamaaDaaaleaapeGaamyAaiaacYcacaWGQbGaaiilaiaadUgaa8aabaWdbiabl2==Ubaakmaabmaapaqaa8qacaWG4bWdamaaBaaaleaapeGaamOAaaWdaeqaaOWdbiabgUcaRiabes7aK9aadaWgaaWcbaWdbiaadMgacaGGSaGaamOAaiaacYcacaWGRbaapaqabaaak8qacaGLOaGaayzkaaGaey4kaSYdamaaDeaaleaaaeaapeGaaG4maaaakiaadYeapaWaa0baaSqaa8qacaWGPbGaaiilaiaadQgacaGGSaGaam4AaaWdaeaapeGaeSy==7gaaOWaaeWaa8aabaWdbiaadIhapaWaaSbaaSqaa8qacaWGRbaapaqabaGcpeGaey4kaSIaeqiTdq2damaaBaaaleaapeGaamyAaiaacYcacaWGQbGaaiilaiaadUgaa8aabeaaaOWdbiaawIcacaGLPaaaaiaawUfacaGLDbaaaaaa@B642@</annotation>
 </semantics>
</math>
