<math display="block">
 <semantics>
  <mtable columnalign='left'>
   <mtr>
    <mtd>
     <mi>f</mi><mrow><mo>(</mo>
      <mi>&#x03C4;</mi>
     <mo>)</mo></mrow><mo>=</mo><mn>1</mn><mo>&#x2212;</mo><mfrac>
      <mn>1</mn>
      <mi>A</mi>
     </mfrac>
     <mrow><mo>[</mo> <mrow>
      <mfrac>
       <mrow>
        <mn>79</mn><msup>
         <mi>&#x03C4;</mi>
         <mrow>
          <mo>&#x2212;</mo><mn>1</mn></mrow>
        </msup>
        </mrow>
       <mrow>
        <mn>140</mn><mi>p</mi></mrow>
      </mfrac>
      <mo>+</mo><mfrac>
       <mrow>
        <mn>474</mn></mrow>
       <mrow>
        <mn>497</mn></mrow>
      </mfrac>
      <mrow><mo>(</mo>
       <mrow>
        <mfrac>
         <mn>1</mn>
         <mi>p</mi>
        </mfrac>
        <mo>&#x2212;</mo><mn>1</mn></mrow>
      <mo>)</mo></mrow><mrow><mo>(</mo>
       <mrow>
        <mfrac>
         <mrow>
          <msup>
           <mi>&#x03C4;</mi>
           <mn>3</mn>
          </msup>
          </mrow>
         <mn>6</mn>
        </mfrac>
        <mo>+</mo><mfrac>
         <mrow>
          <msup>
           <mi>&#x03C4;</mi>
           <mn>9</mn>
          </msup>
          </mrow>
         <mrow>
          <mn>135</mn></mrow>
        </mfrac>
        <mo>+</mo><mfrac>
         <mrow>
          <msup>
           <mi>&#x03C4;</mi>
           <mrow>
            <mn>15</mn></mrow>
          </msup>
          </mrow>
         <mrow>
          <mn>600</mn></mrow>
        </mfrac>
        </mrow>
      <mo>)</mo></mrow></mrow> <mo>]</mo></mrow><mo>,</mo><mo>&#x00A0;</mo><mi>i</mi><mi>f</mi><mo>&#x00A0;</mo><mi>&#x03C4;</mi><mo>=</mo><mfrac>
      <mi>T</mi>
      <mrow>
       <msub>
        <mi>T</mi>
        <mi>C</mi>
       </msub>
       </mrow>
     </mfrac>
     <mo>&#x2264;</mo><mn>1</mn>
    </mtd>
   </mtr>
   <mtr>
    <mtd>
     <mi>f</mi><mrow><mo>(</mo>
      <mi>&#x03C4;</mi>
     <mo>)</mo></mrow><mo>=</mo><mo>&#x2212;</mo><mfrac>
      <mn>1</mn>
      <mi>A</mi>
     </mfrac>
     <mrow><mo>(</mo>
      <mrow>
       <mfrac>
        <mrow>
         <msup>
          <mi>&#x03C4;</mi>
          <mrow>
           <mo>&#x2212;</mo><mn>5</mn></mrow>
         </msup>
         </mrow>
        <mrow>
         <mn>10</mn></mrow>
       </mfrac>
       <mo>+</mo><mfrac>
        <mrow>
         <msup>
          <mi>&#x03C4;</mi>
          <mrow>
           <mo>&#x2212;</mo><mn>15</mn></mrow>
         </msup>
         </mrow>
        <mrow>
         <mn>315</mn></mrow>
       </mfrac>
       <mo>+</mo><mfrac>
        <mrow>
         <msup>
          <mi>&#x03C4;</mi>
          <mrow>
           <mo>&#x2212;</mo><mn>25</mn></mrow>
         </msup>
         </mrow>
        <mrow>
         <mn>1500</mn></mrow>
       </mfrac>
       </mrow>
     <mo>)</mo></mrow><mo>,</mo><mo>&#x00A0;</mo><mi>i</mi><mi>f</mi><mo>&#x00A0;</mo><mi>&#x03C4;</mi><mo>=</mo><mfrac>
      <mi>T</mi>
      <mrow>
       <msub>
        <mi>T</mi>
        <mi>C</mi>
       </msub>
       </mrow>
     </mfrac>
     <mo>&#x2265;</mo><mn>1</mn>
    </mtd>
   </mtr>
   <mtr>
    <mtd>
     <mi>A</mi><mo>=</mo><mfrac>
      <mrow>
       <mn>518</mn></mrow>
      <mrow>
       <mn>1125</mn></mrow>
     </mfrac>
     <mo>+</mo><mfrac>
      <mrow>
       <mn>11,692</mn></mrow>
      <mrow>
       <mn>15,975</mn></mrow>
     </mfrac>
     <mrow><mo>(</mo>
      <mrow>
       <mfrac>
        <mn>1</mn>
        <mi>p</mi>
       </mfrac>
       <mo>&#x2212;</mo><mn>1</mn></mrow>
     <mo>)</mo></mrow><mo>&#x00A0;</mo>
    </mtd>
   </mtr>
  </mtable>

  <annotation encoding='MathType-MTEF'>MathType@MTEF@5@5@+=faaagCart1ev2aqaKnaaaaWenf2ys9wBH5garuavP1wzZbItLDhis9wBH5garmWu51MyVXgaruWqVvNCPvMCG4uz3bqee0evGueE0jxyaibaieYlNi=xH8yiVC0xbbL8FesqqrFfpeea0xe9Lq=Jc9vqaqpepm0xbbG8FasPYRqj0=yi0dXdbba9pGe9xq=JbbG8A8frFve9Fve9Ff0dc9Gqpi0dmeaabaqaciGacaGaaeqabaWaaeaaeaaakqaabeqaaabaaaaaaaaapeGaamOzamaabmaapaqaa8qacqaHepaDaiaawIcacaGLPaaacqGH9aqpcaaIXaGaeyOeI0YaaSaaa8aabaWdbiaaigdaa8aabaWdbiaadgeaaaWaamWaaeaadaWcaaWdaeaapeGaaG4naiaaiMdacqaHepaDpaWaaWbaaSqabeaapeGaeyOeI0IaaGymaaaaaOWdaeaapeGaaGymaiaaisdacaaIWaGaamiCaaaacqGHRaWkdaWcaaWdaeaapeGaaGinaiaaiEdacaaI0aaapaqaa8qacaaI0aGaaGyoaiaaiEdaaaWaaeWaa8aabaWdbmaalaaapaqaa8qacaaIXaaapaqaa8qacaWGWbaaaiabgkHiTiaaigdaaiaawIcacaGLPaaadaqadaWdaeaapeWaaSaaa8aabaWdbiabes8a09aadaahaaWcbeqaa8qacaaIZaaaaaGcpaqaa8qacaaI2aaaaiabgUcaRmaalaaapaqaa8qacqaHepaDpaWaaWbaaSqabeaapeGaaGyoaaaaaOWdaeaapeGaaGymaiaaiodacaaI1aaaaiabgUcaRmaalaaapaqaa8qacqaHepaDpaWaaWbaaSqabeaapeGaaGymaiaaiwdaaaaak8aabaWdbiaaiAdacaaIWaGaaGimaaaaaiaawIcacaGLPaaaaiaawUfacaGLDbaacaGGSaGaaiiOaiaadMgacaWGMbGaaiiOaiabes8a0jabg2da9maalaaapaqaa8qacaWGubaapaqaa8qacaWGubWdamaaBaaaleaapeGaam4qaaWdaeqaaaaak8qacqGHKjYOcaaIXaaabaGaamOzamaabmaapaqaa8qacqaHepaDaiaawIcacaGLPaaacqGH9aqpcqGHsisldaWcaaWdaeaapeGaaGymaaWdaeaapeGaamyqaaaadaqadaWdaeaapeWaaSaaa8aabaWdbiabes8a09aadaahaaWcbeqaa8qacqGHsislcaaI1aaaaaGcpaqaa8qacaaIXaGaaGimaaaacqGHRaWkdaWcaaWdaeaapeGaeqiXdq3damaaCaaaleqabaWdbiabgkHiTiaaigdacaaI1aaaaaGcpaqaa8qacaaIZaGaaGymaiaaiwdaaaGaey4kaSYaaSaaa8aabaWdbiabes8a09aadaahaaWcbeqaa8qacqGHsislcaaIYaGaaGynaaaaaOWdaeaapeGaaGymaiaaiwdacaaIWaGaaGimaaaaaiaawIcacaGLPaaacaGGSaGaaiiOaiaadMgacaWGMbGaaiiOaiabes8a0jabg2da9maalaaapaqaa8qacaWGubaapaqaa8qacaWGubWdamaaBaaaleaapeGaam4qaaWdaeqaaaaak8qacqGHLjYScaaIXaaabaGaamyqaiabg2da9maalaaapaqaa8qacaaI1aGaaGymaiaaiIdaa8aabaWdbiaaigdacaaIXaGaaGOmaiaaiwdaaaGaey4kaSYaaSaaa8aabaWdbiaaigdacaaIXaGaaiilaiaaiAdacaaI5aGaaGOmaaWdaeaapeGaaGymaiaaiwdacaGGSaGaaGyoaiaaiEdacaaI1aaaamaabmaapaqaa8qadaWcaaWdaeaapeGaaGymaaWdaeaapeGaamiCaaaacqGHsislcaaIXaaacaGLOaGaayzkaaGaaiiOaaaaaa@B667@</annotation>
 </semantics>
</math>
