<math display="block">
 <semantics>
  <mtable columnalign='left'>
   <mtr>
    <mtd>
     <msubsup>
      <mi>G</mi>
      <mi>m</mi>
      <mi>&#x03C3;</mi>
     </msubsup>
     <mo>=</mo><munder>
      <mstyle mathsize='140%' displaystyle='true'><mo>&#x2211;</mo></mstyle>
      <mi>i</mi>
     </munder>
     <munder>
      <mstyle mathsize='140%' displaystyle='true'><mo>&#x2211;</mo></mstyle>
      <mi>j</mi>
     </munder>
     <msubsup>
      <mi>y</mi>
      <mi>i</mi>
      <mo>&#x0027;</mo>
     </msubsup>
     <msubsup>
      <mi>y</mi>
      <mi>j</mi>
      <mrow>
       <mo>&#x0027;</mo><mo>&#x0027;</mo></mrow>
     </msubsup>
     <mmultiscripts>
      <mi>G</mi>
      <mprescripts/>
      <mo>&#x00A0;</mo>
      <mi>o</mi>
     </mmultiscripts>
     <msubsup>
      <mrow></mrow>
      <mrow>
       <mi>i</mi><mo>:</mo><mi>j</mi><mo>:</mo><mi>C</mi><mi>r</mi></mrow>
      <mi>&#x03C3;</mi>
     </msubsup>
     <mo>+</mo><mi>R</mi><mi>T</mi><mrow><mo>[</mo> <mrow>
      <mn>8</mn><munder>
       <mstyle mathsize='140%' displaystyle='true'><mo>&#x2211;</mo></mstyle>
       <mi>i</mi>
      </munder>
      <msubsup>
       <mi>y</mi>
       <mi>i</mi>
       <mo>&#x0027;</mo>
      </msubsup>
      <mi>ln</mi><mrow><mo>(</mo>
       <mrow>
        <msubsup>
         <mi>y</mi>
         <mi>i</mi>
         <mo>&#x0027;</mo>
        </msubsup>
        </mrow>
      <mo>)</mo></mrow><mo>+</mo><mn>18</mn><munder>
       <mstyle mathsize='140%' displaystyle='true'><mo>&#x2211;</mo></mstyle>
       <mi>j</mi>
      </munder>
      <msubsup>
       <mi>y</mi>
       <mi>j</mi>
       <mrow>
        <mo>&#x0027;</mo><mo>&#x0027;</mo></mrow>
      </msubsup>
      <mi>ln</mi><mrow><mo>(</mo>
       <mrow>
        <msubsup>
         <mi>y</mi>
         <mi>j</mi>
         <mrow>
          <mo>&#x0027;</mo><mo>&#x0027;</mo></mrow>
        </msubsup>
        </mrow>
      <mo>)</mo></mrow></mrow> <mo>]</mo></mrow>
    </mtd>
   </mtr>
   <mtr>
    <mtd>
     <mo>+</mo><munder>
      <mstyle mathsize='140%' displaystyle='true'><mo>&#x2211;</mo></mstyle>
      <mrow>
       <msub>
        <mi>i</mi>
        <mn>1</mn>
       </msub>
       </mrow>
     </munder>
     <munder>
      <mstyle mathsize='140%' displaystyle='true'><mo>&#x2211;</mo></mstyle>
      <mrow>
       <msub>
        <mi>i</mi>
        <mn>2</mn>
       </msub>
       </mrow>
     </munder>
     <munder>
      <mstyle mathsize='140%' displaystyle='true'><mo>&#x2211;</mo></mstyle>
      <mi>j</mi>
     </munder>
     <mrow><mo>{</mo> <mrow>
      <msubsup>
       <mi>y</mi>
       <mrow>
        <msub>
         <mi>i</mi>
         <mn>1</mn>
        </msub>
        </mrow>
       <mo>&#x0027;</mo>
      </msubsup>
      <msubsup>
       <mi>y</mi>
       <mrow>
        <msub>
         <mi>i</mi>
         <mn>2</mn>
        </msub>
        </mrow>
       <mo>&#x0027;</mo>
      </msubsup>
      <msubsup>
       <mi>y</mi>
       <mi>j</mi>
       <mrow>
        <mo>&#x0027;</mo><mo>&#x0027;</mo></mrow>
      </msubsup>
      <mrow><mo>[</mo> <mrow>
       <munder>
        <mstyle mathsize='140%' displaystyle='true'><mo>&#x2211;</mo></mstyle>
        <mi>k</mi>
       </munder>
       <mmultiscripts>
        <mi>L</mi>
        <mprescripts/>
        <mo>&#x00A0;</mo>
        <mi>k</mi>
       </mmultiscripts>
       <msubsup>
        <mrow></mrow>
        <mrow>
         <msub>
          <mi>i</mi>
          <mn>1</mn>
         </msub>
         <mo>,</mo><msub>
          <mi>i</mi>
          <mn>2</mn>
         </msub>
         <mo>:</mo><mi>j</mi><mo>:</mo><mi>C</mi><mi>r</mi></mrow>
        <mi>&#x03C3;</mi>
       </msubsup>
       <msup>
        <mrow>
         <mrow><mo>(</mo>
          <mrow>
           <msubsup>
            <mi>y</mi>
            <mrow>
             <msub>
              <mi>i</mi>
              <mn>1</mn>
             </msub>
             </mrow>
            <mo>&#x0027;</mo>
           </msubsup>
           <mo>&#x2212;</mo><msubsup>
            <mi>y</mi>
            <mrow>
             <msub>
              <mi>i</mi>
              <mn>2</mn>
             </msub>
             </mrow>
            <mo>&#x0027;</mo>
           </msubsup>
           </mrow>
         <mo>)</mo></mrow></mrow>
        <mi>k</mi>
       </msup>
       </mrow> <mo>]</mo></mrow></mrow> <mo>}</mo></mrow>
    </mtd>
   </mtr>
   <mtr>
    <mtd>
     <mo>+</mo><munder>
      <mstyle mathsize='140%' displaystyle='true'><mo>&#x2211;</mo></mstyle>
      <mi>i</mi>
     </munder>
     <munder>
      <mstyle mathsize='140%' displaystyle='true'><mo>&#x2211;</mo></mstyle>
      <mrow>
       <msub>
        <mi>j</mi>
        <mn>1</mn>
       </msub>
       </mrow>
     </munder>
     <munder>
      <mstyle mathsize='140%' displaystyle='true'><mo>&#x2211;</mo></mstyle>
      <mrow>
       <msub>
        <mi>j</mi>
        <mn>2</mn>
       </msub>
       </mrow>
     </munder>
     <mrow><mo>{</mo> <mrow>
      <msubsup>
       <mi>y</mi>
       <mi>i</mi>
       <mo>&#x0027;</mo>
      </msubsup>
      <msubsup>
       <mi>y</mi>
       <mrow>
        <msub>
         <mi>j</mi>
         <mn>1</mn>
        </msub>
        </mrow>
       <mrow>
        <mo>&#x0027;</mo><mo>&#x0027;</mo></mrow>
      </msubsup>
      <msubsup>
       <mi>y</mi>
       <mrow>
        <msub>
         <mi>j</mi>
         <mn>2</mn>
        </msub>
        </mrow>
       <mrow>
        <mo>&#x0027;</mo><mo>&#x0027;</mo></mrow>
      </msubsup>
      <mrow><mo>[</mo> <mrow>
       <munder>
        <mstyle mathsize='140%' displaystyle='true'><mo>&#x2211;</mo></mstyle>
        <mi>k</mi>
       </munder>
       <mmultiscripts>
        <mi>L</mi>
        <mprescripts/>
        <mo>&#x00A0;</mo>
        <mi>k</mi>
       </mmultiscripts>
       <msubsup>
        <mrow></mrow>
        <mrow>
         <mi>i</mi><mo>:</mo><msub>
          <mi>j</mi>
          <mn>1</mn>
         </msub>
         <mo>,</mo><msub>
          <mi>j</mi>
          <mn>2</mn>
         </msub>
         <mo>:</mo><mi>C</mi><mi>r</mi></mrow>
        <mi>&#x03C3;</mi>
       </msubsup>
       <msup>
        <mrow>
         <mrow><mo>(</mo>
          <mrow>
           <msubsup>
            <mi>y</mi>
            <mrow>
             <msub>
              <mi>j</mi>
              <mn>1</mn>
             </msub>
             </mrow>
            <mrow>
             <mo>&#x0027;</mo><mo>&#x0027;</mo></mrow>
           </msubsup>
           <mo>&#x2212;</mo><msubsup>
            <mi>y</mi>
            <mrow>
             <msub>
              <mi>j</mi>
              <mn>2</mn>
             </msub>
             </mrow>
            <mrow>
             <mo>&#x0027;</mo><mo>&#x0027;</mo></mrow>
           </msubsup>
           </mrow>
         <mo>)</mo></mrow></mrow>
        <mi>k</mi>
       </msup>
       </mrow> <mo>]</mo></mrow></mrow> <mo>}</mo></mrow>
    </mtd>
   </mtr>
  </mtable>

  <annotation encoding='MathType-MTEF'>MathType@MTEF@5@5@+=faaagCart1ev2aqaKnaaaaWenf2ys9wBH5garuavP1wzZbItLDhis9wBH5garmWu51MyVXgaruWqVvNCPvMCG4uz3bqee0evGueE0jxyaibaieYlNi=xH8yiVC0xbbL8FesqqrFfpeea0xe9Lq=Jc9vqaqpepm0xbbG8FasPYRqj0=yi0dXdbba9pGe9xq=JbbG8A8frFve9Fve9Ff0dc9Gqpi0dmeaabaqaciGacaGaaeqabaWaaeaaeaaakqaabeqaaabaaaaaaaaapeGaam4ra8aadaqhaaWcbaWdbiaad2gaa8aabaWdbiabeo8aZbaakiabg2da9maawafabeWcpaqaa8qacaWGPbaabeqdpaqaa8qacqGHris5aaGcdaGfqbqabSWdaeaapeGaamOAaaqab0WdaeaapeGaeyyeIuoaaOGaamyEa8aadaqhaaWcbaWdbiaadMgaa8aabaWdbiaacEcaaaGccaWG5bWdamaaDaaaleaapeGaamOAaaWdaeaapeGaai4jaiaacEcaaaGcpaWaa0raaSqaa8qacaGGGcaapaqaa8qacaWGVbaaaOGaam4ra8aadaqhaaWcbaWdbiaadMgacaGG6aGaamOAaiaacQdacaWGdbGaamOCaaWdaeaapeGaeq4WdmhaaOGaey4kaSIaamOuaiaadsfadaWadaWdaeaapeGaaGioamaawafabeWcpaqaa8qacaWGPbaabeqdpaqaa8qacqGHris5aaGccaWG5bWdamaaDaaaleaapeGaamyAaaWdaeaapeGaai4jaaaakiGacYgacaGGUbWaaeWaa8aabaWdbiaadMhapaWaa0baaSqaa8qacaWGPbaapaqaa8qacaGGNaaaaaGccaGLOaGaayzkaaGaey4kaSIaaGymaiaaiIdadaGfqbqabSWdaeaapeGaamOAaaqab0WdaeaapeGaeyyeIuoaaOGaamyEa8aadaqhaaWcbaWdbiaadQgaa8aabaWdbiaacEcacaGGNaaaaOGaciiBaiaac6gadaqadaWdaeaapeGaamyEa8aadaqhaaWcbaWdbiaadQgaa8aabaWdbiaacEcacaGGNaaaaaGccaGLOaGaayzkaaaacaGLBbGaayzxaaaabaGaey4kaSYaaybuaeqal8aabaWdbiaadMgapaWaaSbaaWqaa8qacaaIXaaapaqabaaal8qabeqdpaqaa8qacqGHris5aaGcdaGfqbqabSWdaeaapeGaamyAa8aadaWgaaadbaWdbiaaikdaa8aabeaaaSWdbeqan8aabaWdbiabggHiLdaakmaawafabeWcpaqaa8qacaWGQbaabeqdpaqaa8qacqGHris5aaGcdaGadaWdaeaapeGaamyEa8aadaqhaaWcbaWdbiaadMgapaWaaSbaaWqaa8qacaaIXaaapaqabaaaleaapeGaai4jaaaakiaadMhapaWaa0baaSqaa8qacaWGPbWdamaaBaaameaapeGaaGOmaaWdaeqaaaWcbaWdbiaacEcaaaGccaWG5bWdamaaDaaaleaapeGaamOAaaWdaeaapeGaai4jaiaacEcaaaGcdaWadaWdaeaapeWaaybuaeqal8aabaWdbiaadUgaaeqan8aabaWdbiabggHiLdaak8aadaqhbaWcbaWdbiaacckaa8aabaWdbiaadUgaaaGccaWGmbWdamaaDaaaleaapeGaamyAa8aadaWgaaadbaWdbiaaigdaa8aabeaal8qacaGGSaGaamyAa8aadaWgaaadbaWdbiaaikdaa8aabeaal8qacaGG6aGaamOAaiaacQdacaWGdbGaamOCaaWdaeaapeGaeq4WdmhaaOWaaeWaa8aabaWdbiaadMhapaWaa0baaSqaa8qacaWGPbWdamaaBaaameaapeGaaGymaaWdaeqaaaWcbaWdbiaacEcaaaGccqGHsislcaWG5bWdamaaDaaaleaapeGaamyAa8aadaWgaaadbaWdbiaaikdaa8aabeaaaSqaa8qacaGGNaaaaaGccaGLOaGaayzkaaWdamaaCaaaleqabaWdbiaadUgaaaaakiaawUfacaGLDbaaaiaawUhacaGL9baaaeaacqGHRaWkdaGfqbqabSWdaeaapeGaamyAaaqab0WdaeaapeGaeyyeIuoaaOWaaybuaeqal8aabaWdbiaadQgapaWaaSbaaWqaa8qacaaIXaaapaqabaaal8qabeqdpaqaa8qacqGHris5aaGcdaGfqbqabSWdaeaapeGaamOAa8aadaWgaaadbaWdbiaaikdaa8aabeaaaSWdbeqan8aabaWdbiabggHiLdaakmaacmaapaqaa8qacaWG5bWdamaaDaaaleaapeGaamyAaaWdaeaapeGaai4jaaaakiaadMhapaWaa0baaSqaa8qacaWGQbWdamaaBaaameaapeGaaGymaaWdaeqaaaWcbaWdbiaacEcacaGGNaaaaOGaamyEa8aadaqhaaWcbaWdbiaadQgapaWaaSbaaWqaa8qacaaIYaaapaqabaaaleaapeGaai4jaiaacEcaaaGcdaWadaWdaeaapeWaaybuaeqal8aabaWdbiaadUgaaeqan8aabaWdbiabggHiLdaak8aadaqhbaWcbaWdbiaacckaa8aabaWdbiaadUgaaaGccaWGmbWdamaaDaaaleaapeGaamyAaiaacQdacaWGQbWdamaaBaaameaapeGaaGymaaWdaeqaaSWdbiaacYcacaWGQbWdamaaBaaameaapeGaaGOmaaWdaeqaaSWdbiaacQdacaWGdbGaamOCaaWdaeaapeGaeq4WdmhaaOWaaeWaa8aabaWdbiaadMhapaWaa0baaSqaa8qacaWGQbWdamaaBaaameaapeGaaGymaaWdaeqaaaWcbaWdbiaacEcacaGGNaaaaOGaeyOeI0IaamyEa8aadaqhaaWcbaWdbiaadQgapaWaaSbaaWqaa8qacaaIYaaapaqabaaaleaapeGaai4jaiaacEcaaaaakiaawIcacaGLPaaapaWaaWbaaSqabeaapeGaam4AaaaaaOGaay5waiaaw2faaaGaay5Eaiaaw2haaaaaaa@ED0E@</annotation>
 </semantics>
</math>
