<math>
 <semantics>
  <mrow>
   <msub>
    <mi>P</mi>
    <mi>x</mi>
   </msub>
   <mo>=</mo><mi>r</mi><mfrac>
    <mrow>
     <mstyle displaystyle='true'>
      <munder>
       <mo>&#x2211;</mo>
       <mrow>
        <mi>y</mi><mo>=</mo><mn>1</mn><mo>:</mo><mi>N</mi></mrow>
      </munder>
      <mrow>
       <msub>
        <mi>Y</mi>
        <mi>y</mi>
       </msub>
       </mrow>
     </mstyle></mrow>
    <mi>N</mi>
   </mfrac>
   <mo>&#x2212;</mo><msub>
    <mi>Y</mi>
    <mi>x</mi>
   </msub>
   <mo>=</mo><mrow><mo>{</mo> <mtable columnalign='left'>
    <mtr>
     <mtd>
      <mi>r</mi><mfrac>
       <mrow>
        <mstyle displaystyle='true'>
         <munder>
          <mo>&#x2211;</mo>
          <mrow>
           <msub>
            <mi>s</mi>
            <mi>y</mi>
           </msub>
           <mo>=</mo><mi>C</mi></mrow>
         </munder>
         <mrow>
          <msub>
           <mi>Y</mi>
           <mi>y</mi>
          </msub>
          </mrow>
        </mstyle></mrow>
       <mi>N</mi>
      </mfrac>
      <mo>&#x2212;</mo><msub>
       <mi>Y</mi>
       <mi>x</mi>
      </msub>
      <mtext>&#x00A0;&#x00A0;&#x00A0;&#x00A0;if&#x00A0;</mtext><msub>
       <mi>s</mi>
       <mi>x</mi>
      </msub>
      <mo>=</mo><mi>C</mi>
     </mtd>
    </mtr>
    <mtr>
     <mtd>
      <mi>r</mi><mfrac>
       <mrow>
        <mstyle displaystyle='true'>
         <munder>
          <mo>&#x2211;</mo>
          <mrow>
           <msub>
            <mi>s</mi>
            <mi>y</mi>
           </msub>
           <mo>=</mo><mi>C</mi></mrow>
         </munder>
         <mrow>
          <msub>
           <mi>Y</mi>
           <mi>y</mi>
          </msub>
          </mrow>
        </mstyle></mrow>
       <mi>N</mi>
      </mfrac>
      <mtext>&#x00A0;&#x00A0;&#x00A0;&#x00A0;&#x00A0;&#x00A0;&#x00A0;&#x00A0;&#x00A0;&#x00A0;&#x00A0;if&#x00A0;</mtext><msub>
       <mi>s</mi>
       <mi>x</mi>
      </msub>
      <mo>=</mo><mi>D</mi>
     </mtd>
    </mtr>
   </mtable>
    </mrow></mrow>
  <annotation encoding='MathType-MTEF'>MathType@MTEF@5@5@+=faaagCart1ev2aqaKnaaaaWenf2ys9wBH5garuavP1wzZbItLDhis9wBH5garmWu51MyVXgaruWqVvNCPvMCG4uz3bqee0evGueE0jxyaibaieYlf9irVeeu0dXdh9vqqj=hHeeu0xXdbba9frFj0=OqFfea0dXdd9vqaq=JfrVkFHe9pgea0dXdar=Jb9hs0dXdbPYxe9vr0=vr0=vqpi0dc9GqpWqaaeaabiGaciaacaqabeaadaqaaqaaaOqaaiaadcfadaWgaaWcbaGaamiEaaqabaGccqGH9aqpcaWGYbWaaSaaaeaadaaeqbqaaiaadMfadaWgaaWcbaGaamyEaaqabaaabaGaamyEaiabg2da9iaaigdacaGG6aGaamOtaaqab0GaeyyeIuoaaOqaaiaad6eaaaGaeyOeI0IaamywamaaBaaaleaacaWG4baabeaakiabg2da9maaceaaeaqabeaacaWGYbWaaSaaaeaadaaeqbqaaiaadMfadaWgaaWcbaGaamyEaaqabaaabaGaam4CamaaBaaameaacaWG5baabeaaliabg2da9iaadoeaaeqaniabggHiLdaakeaacaWGobaaaiabgkHiTiaadMfadaWgaaWcbaGaamiEaaqabaGccaqGGaGaaeiiaiaabccacaqGGaGaaeyAaiaabAgacaqGGaGaam4CamaaBaaaleaacaWG4baabeaakiabg2da9iaadoeaaeaacaWGYbWaaSaaaeaadaaeqbqaaiaadMfadaWgaaWcbaGaamyEaaqabaaabaGaam4CamaaBaaameaacaWG5baabeaaliabg2da9iaadoeaaeqaniabggHiLdaakeaacaWGobaaaiaabccacaqGGaGaaeiiaiaabccacaqGGaGaaeiiaiaabccacaqGGaGaaeiiaiaabccacaqGGaGaaeyAaiaabAgacaqGGaGaam4CamaaBaaaleaacaWG4baabeaakiabg2da9iaadseaaaGaay5Eaaaaaa@72C0@</annotation>
 </semantics>
</math>
