<math display='block'>
 <semantics>
  <mrow>
   <menclose notation='top left'>
    <mi>a</mi>
   </menclose>
   <mo>+</mo><menclose notation='actuarial'>
    <mi>b</mi>
   </menclose>
   <mo>+</mo><menclose notation='bottom left'>
    <mi>c</mi>
   </menclose>
   <mo>+</mo><menclose notation='bottom right'>
    <mi>d</mi>
   </menclose>
   <mo>+</mo><menclose notation='box'>
    <mi>e</mi>
   </menclose>
   </mrow>
  <annotation encoding='MathType-MTEF'>MathType@MTEF@5@5@+=faaagCart1ev2aaaKnaaaaWenf2ys9wBH5garuavP1wzZbItLDhis9wBH5garmWu51MyVXgaruWqVvNCPvMCG4uz3bqee0evGueE0jxyaibaieYlf9irVeeu0dXdh9vqqj=hHeeu0xXdbba9frFj0=OqFfea0dXdd9vqaq=JfrVkFHe9pgea0dXdar=Jb9hs0dXdbPYxe9vr0=vr0=vqpi0dc9GqpWqaaeaabiGaciaacaqabeaadaqaaqaaaOqaamaaLOaabaGaamyyaaaacqGHRaWkdaqjmaqaaiaadkgaaaGaey4kaSYaauIeaeaacaWGJbaaaiabgUcaRmaaLqbabaGaamizaaaacqGHRaWkdaqjEaqaaiaadwgaaaaaaa@3C01@</annotation>
 </semantics>
</math>
