<math display='block'>
 <semantics>
  <mtable columnalign='left'>
   <mtr>
    <mtd>
     <mover accent='true'>
      <mrow>
       <mi>a</mi><mo>+</mo><mi>b</mi></mrow>
      <mo stretchy='true'>&#x02DC;</mo>
     </mover>
     <mo>+</mo><mover accent='true'>
      <mrow>
       <mi>c</mi><mo>+</mo><mi>d</mi></mrow>
      <mo stretchy='true'>&#x005E;</mo>
     </mover>
     <mo>+</mo><mover accent='true'>
      <mrow>
       <mi>d</mi><mo>+</mo><mi>f</mi></mrow>
      <mo stretchy='true'>&#x2322;</mo>
     </mover>
     <mo>+</mo><mover accent='true'>
      <mrow>
       <mi>e</mi><mo>+</mo><mi>f</mi></mrow>
      <mo stretchy='true'>&#xFE39;</mo>
     </mover>
     <mo>+</mo><mover accent='true'>
      <mrow>
       <mi>x</mi><mo>+</mo><mi>y</mi></mrow>
      <mo stretchy='true'>&#x00AF;</mo>
     </mover>
     <mo>+</mo>
    </mtd>
   </mtr>
   <mtr>
    <mtd>
     <mover accent='true'>
      <mover accent='true'>
       <mrow>
        <mi>y</mi><mo>+</mo><mi>t</mi></mrow>
       <mo stretchy='true'>&#x00AF;</mo>
      </mover>
     <mo stretchy='true'>&#x00AF;</mo>
    </mover>
    <mo>+</mo><munder accentunder='true'>
     <mrow>
      <mi>l</mi><mo>+</mo><mi>m</mi></mrow>
     <mo stretchy='true'>_</mo>
    </munder>
    <mo>+</mo><munder accentunder='true'>
     <munder accentunder='true'>
      <mrow>
       <mi>k</mi><mo>+</mo><mi>e</mi></mrow>
      <mo stretchy='true'>_</mo>
     </munder>
    <mo stretchy='true'>_</mo>
   </munder>
   <mo>+</mo><mover accent='true'>
    <mrow>
     <mi>k</mi><mi>c</mi><mo>+</mo><mn>3</mn></mrow>
    <mo stretchy='true'>&#x2192;</mo>
   </mover>
   <mo>+</mo><mover accent='true'>
    <mrow>
     <mi>a</mi><mo>+</mo><mi>b</mi></mrow>
    <mo stretchy='true'>&#x2190;</mo>
   </mover>
   <mo>+</mo>
  </mtd>
 </mtr>
 <mtr>
  <mtd>
   <mover accent='true'>
    <mrow>
     <mi>y</mi><mo>+</mo><mi>x</mi></mrow>
    <mo stretchy='true'>&#x21C0;</mo>
   </mover>
   <mo>+</mo><mover accent='true'>
    <mrow>
     <mi>k</mi><mo>&#x2212;</mo><mn>4</mn></mrow>
    <mo stretchy='true'>&#x2194;</mo>
   </mover>
   <mo>+</mo><munder accentunder='true'>
    <mrow>
     <mi>c</mi><mo>&#x2212;</mo><mi>d</mi></mrow>
    <mo stretchy='true'>&#x2192;</mo>
   </munder>
   <mo>+</mo><munder accentunder='true'>
    <mrow>
     <mi>d</mi><mo>+</mo><mi>e</mi></mrow>
    <mo stretchy='true'>&#x2190;</mo>
   </munder>
   <mo>+</mo><munder accentunder='true'>
    <mrow>
     <mi>e</mi><mo>+</mo><mi>f</mi></mrow>
    <mo stretchy='true'>&#x21C1;</mo>
   </munder>
   <mo>+</mo>
  </mtd>
 </mtr>
 <mtr>
  <mtd>
   <munder accentunder='true'>
    <mrow>
     <mi>c</mi><mo>+</mo><mi>e</mi></mrow>
    <mo stretchy='true'>&#x2194;</mo>
   </munder>
   <mo>+</mo><menclose notation='horizontalstrike'>
    <mrow>
     <mi>d</mi><mo>+</mo><mi>f</mi></mrow>
   </menclose>
   <mo>+</mo><menclose notation='updiagonalstrike downdiagonalstrike'>
    <mrow>
     <mi>x</mi><mo>+</mo><mi>z</mi></mrow>
   </menclose>
   <mo>+</mo><menclose notation='updiagonalstrike'>
    <mrow>
     <mi>e</mi><mo>+</mo><mi>x</mi></mrow>
   </menclose>
   <mo>+</mo><menclose notation='downdiagonalstrike'>
    <mrow>
     <mi>y</mi><mo>+</mo><mi>z</mi></mrow>
   </menclose>

  </mtd>
 </mtr>
 <mtr>
  <mtd>
   <msqrt>
    <mn>2</mn>
   </msqrt>
   <mo>+</mo><mroot>
    <mn>9</mn>
    <mn>3</mn>
   </mroot>
   <mo>+</mo><menclose notation='longdiv'>
    <mrow>
     <mi>d</mi><mo>+</mo><mn>3</mn></mrow>
   </menclose>
   <mo>+</mo><mtable>
    <mtr>
     <mtd columnalign='right'>
      <mrow>
       <mi>d</mi><mo>+</mo><mn>3</mn></mrow>
     </mtd>
    </mtr>
    <mtr>
     <mtd columnalign='right'>
      <menclose notation='longdiv'>
       <mrow>
        <mi>x</mi><mi>y</mi></mrow>
      </menclose>
     </mtd>
    </mtr>
   </mtable>

  </mtd>
 </mtr>
</mtable>

<annotation encoding='MathType-MTEF'>MathType@MTEF@5@5@+=faaagCart1ev2aaaKnaaaaWenf2ys9wBH5garuavP1wzZbItLDhis9wBH5garmWu51MyVXgaruWqVvNCPvMCG4uz3bqee0evGueE0jxyaibaieYlf9irVeeu0dXdh9vqqj=hHeeu0xXdbba9frFj0=OqFfea0dXdd9vqaq=JfrVkFHe9pgea0dXdar=Jb9hs0dXdbPYxe9vr0=vr0=vqpi0dc9GqpWqaaeaabiGaciaacaqabeaadaqaaqaaaOabaeqabaWaaacaaeaacaWGHbGaey4kaSIaamOyaaGaay5adaGaey4kaSYaaecaaeaacaWGJbGaey4kaSIaamizaaGaayPadaGaey4kaSYaaicaaeaacaWGKbGaey4kaSIaamOzaaGaayPiJaGaey4kaSYaamcaaeaacaWGLbGaey4kaSIaamOzaaGaayzdUdGaey4kaSYaa0aaaeaacaWG4bGaey4kaSIaamyEaaaacqGHRaWkaeaadaqdbaqaaiaadMhacqGHRaWkcaWG0baaaiabgUcaRmaamaaabaGaamiBaiabgUcaRiaad2gaaaGaey4kaSYaaWqaaeaacaWGRbGaey4kaSIaamyzaaaacqGHRaWkdaWhcaqaaiaadUgacaWGJbGaey4kaSIaaG4maaGaay51GaGaey4kaSYaa8raaeaacaWGHbGaey4kaSIaamOyaaGaayP1GaGaey4kaScabaWaa8HcaeaacaWG5bGaey4kaSIaamiEaaGaayz0GaGaey4kaSYaa8XaaeaacaWGRbGaeyOeI0IaaGinaaGaayz4GaGaey4kaSYaa8HbaeaacaWGJbGaeyOeI0IaamizaaGaay51GaGaey4kaSYaa8rbaeaacaWGKbGaey4kaSIaamyzaaGaayP1GaGaey4kaSYaa8HdaeaacaWGLbGaey4kaSIaamOzaaGaayzgRdGaey4kaScabaWaa8XbaeaacaWGJbGaey4kaSIaamyzaaGaayz4GaGaey4kaSYaaqsaaeaacaWGKbGaey4kaSIaamOzaaaacqGHRaWkdaajgaqaaiaadIhacqGHRaWkcaWG6baaaiabgUcaRmaaKiaabaGaamyzaiabgUcaRiaadIhaaaGaey4kaSYaaqcbaeaacaWG5bGaey4kaSIaamOEaaaaaeaadaGcaaqaaiaaikdaaSqabaGccqGHRaWkdaGcbaqaaiaaiMdaaSqaaiaaiodaaaGccqGHRaWkdaGgaaqaaiaadsgacqGHRaWkcaaIZaaabeqabeqaaiabgUcaRmaaAeaabaGaamiEaiaadMhaaeaacaWGKbGaey4kaSIaaG4maaqabeqaaaaaaa@9AE2@</annotation>
</semantics>
</math>
