<?xml version="1.0"?>
<math display="block">
  <mrow>
    <msup>
      <mrow>
        <mn>&#x0028;</mn>
        <mi>a</mi>
        <mo>&#x2212;</mo>
        <mi>b</mi>
        <mn>&#x0029;</mn>
      </mrow>
      <mrow>
        <mi>c</mi>
      </mrow>
    </msup>
    <mo>&#x002B;</mo>
    <msup>
      <mrow>
        <mrow>
          <mo>(</mo>
          <mrow>
            <mi>b</mi>
            <mo>&#x002B;</mo>
            <mi>c</mi>
          </mrow>
          <mo>)</mo>
        </mrow>
      </mrow>
      <mrow>
        <mn>2</mn>
      </mrow>
    </msup>
  </mrow>
</math>
