<?xml version="1.0"?>
<math display="block">
  <mrow/>
</math>
