<?xml version="1.0"?>
<math display="block">
  <mrow>
    <mstyle displaystyle="true">
      <msubsup>
        <mo>&#x222A;</mo>
        <mrow/>
        <mrow/>
      </msubsup>
      <mrow>
        <mi>s</mi>
      </mrow>
    </mstyle>
  </mrow>
</math>
