<?xml version="1.0"?>
<math xmlns="http://www.w3.org/1998/Math/MathML">
  <mrow>
    <mi>&#x03C3;</mi>
    <mtext>=</mtext>
    <mtext>0</mtext>
  </mrow>
</math>
